Два плюс два ррвно четыре
